Command for working with environments.
An environment represents a deployment stage.

Usage
  archer env [command]

Available Commands
  add         Deploy a new environment to your project
  ls          Lists all the environments in a project

Flags
  -h, --help             help for env
      --project string   Name of the project (required unless you're in a workspace).
